// Jest Snapshot v1, https://goo.gl/fbAQLP

exports[`RadioButton RadioButton with custom testID renders properly 1`] = `
<View
  accessibilityComponentType="radiobutton_unchecked"
  accessibilityLiveRegion="polite"
  accessibilityRole="radio"
  accessibilityState={
    Object {
      "checked": false,
      "disabled": undefined,
    }
  }
  accessibilityTraits="button"
  accessible={true}
  focusable={true}
  onBlur={[Function]}
  onClick={[Function]}
  onFocus={[Function]}
  onResponderGrant={[Function]}
  onResponderMove={[Function]}
  onResponderRelease={[Function]}
  onResponderTerminate={[Function]}
  onResponderTerminationRequest={[Function]}
  onStartShouldSetResponder={[Function]}
  style={
    Array [
      Object {
        "position": "relative",
      },
      Object {
        "overflow": "hidden",
      },
      Object {
        "borderRadius": 18,
        "padding": 6,
      },
    ]
  }
  testID="custom:testID"
>
  <View
    style={
      Object {
        "opacity": 0,
      }
    }
  >
    <Text
      accessibilityElementsHidden={true}
      allowFontScaling={false}
      importantForAccessibility="no-hide-descendants"
      pointerEvents="none"
      selectable={false}
      style={
        Array [
          Object {
            "color": "#03dac4",
            "fontSize": 24,
          },
          Array [
            Object {
              "lineHeight": 24,
              "transform": Array [
                Object {
                  "scaleX": 1,
                },
              ],
            },
            Object {
              "backgroundColor": "transparent",
            },
          ],
          Object {
            "fontFamily": "Material Design Icons",
            "fontStyle": "normal",
            "fontWeight": "normal",
          },
          Object {},
        ]
      }
    >
      
    </Text>
  </View>
</View>
`;

exports[`RadioButton on default platform renders properly 1`] = `
<View
  accessibilityComponentType="radiobutton_unchecked"
  accessibilityLiveRegion="polite"
  accessibilityRole="radio"
  accessibilityState={
    Object {
      "checked": false,
      "disabled": undefined,
    }
  }
  accessibilityTraits="button"
  accessible={true}
  focusable={true}
  onBlur={[Function]}
  onClick={[Function]}
  onFocus={[Function]}
  onResponderGrant={[Function]}
  onResponderMove={[Function]}
  onResponderRelease={[Function]}
  onResponderTerminate={[Function]}
  onResponderTerminationRequest={[Function]}
  onStartShouldSetResponder={[Function]}
  style={
    Array [
      Object {
        "position": "relative",
      },
      Object {
        "overflow": "hidden",
      },
      Object {
        "borderRadius": 18,
        "padding": 6,
      },
    ]
  }
>
  <View
    style={
      Object {
        "opacity": 0,
      }
    }
  >
    <Text
      accessibilityElementsHidden={true}
      allowFontScaling={false}
      importantForAccessibility="no-hide-descendants"
      pointerEvents="none"
      selectable={false}
      style={
        Array [
          Object {
            "color": "#03dac4",
            "fontSize": 24,
          },
          Array [
            Object {
              "lineHeight": 24,
              "transform": Array [
                Object {
                  "scaleX": 1,
                },
              ],
            },
            Object {
              "backgroundColor": "transparent",
            },
          ],
          Object {
            "fontFamily": "Material Design Icons",
            "fontStyle": "normal",
            "fontWeight": "normal",
          },
          Object {},
        ]
      }
    >
      
    </Text>
  </View>
</View>
`;

exports[`RadioButton on ios platform renders properly 1`] = `
<View
  accessibilityComponentType="radiobutton_unchecked"
  accessibilityLiveRegion="polite"
  accessibilityRole="radio"
  accessibilityState={
    Object {
      "checked": false,
      "disabled": undefined,
    }
  }
  accessibilityTraits="button"
  accessible={true}
  focusable={true}
  onBlur={[Function]}
  onClick={[Function]}
  onFocus={[Function]}
  onResponderGrant={[Function]}
  onResponderMove={[Function]}
  onResponderRelease={[Function]}
  onResponderTerminate={[Function]}
  onResponderTerminationRequest={[Function]}
  onStartShouldSetResponder={[Function]}
  style={
    Array [
      Object {
        "position": "relative",
      },
      Object {
        "overflow": "hidden",
      },
      Object {
        "borderRadius": 18,
        "padding": 6,
      },
    ]
  }
>
  <View
    style={
      Object {
        "opacity": 0,
      }
    }
  >
    <Text
      accessibilityElementsHidden={true}
      allowFontScaling={false}
      importantForAccessibility="no-hide-descendants"
      pointerEvents="none"
      selectable={false}
      style={
        Array [
          Object {
            "color": "#03dac4",
            "fontSize": 24,
          },
          Array [
            Object {
              "lineHeight": 24,
              "transform": Array [
                Object {
                  "scaleX": 1,
                },
              ],
            },
            Object {
              "backgroundColor": "transparent",
            },
          ],
          Object {
            "fontFamily": "Material Design Icons",
            "fontStyle": "normal",
            "fontWeight": "normal",
          },
          Object {},
        ]
      }
    >
      
    </Text>
  </View>
</View>
`;

exports[`RadioButton when RadioButton is wrapped by RadioButtonContext.Provider renders properly 1`] = `
<View
  accessibilityComponentType="radiobutton_unchecked"
  accessibilityLiveRegion="polite"
  accessibilityRole="radio"
  accessibilityState={
    Object {
      "checked": false,
      "disabled": undefined,
    }
  }
  accessibilityTraits="button"
  accessible={true}
  focusable={true}
  onBlur={[Function]}
  onClick={[Function]}
  onFocus={[Function]}
  onResponderGrant={[Function]}
  onResponderMove={[Function]}
  onResponderRelease={[Function]}
  onResponderTerminate={[Function]}
  onResponderTerminationRequest={[Function]}
  onStartShouldSetResponder={[Function]}
  style={
    Array [
      Object {
        "position": "relative",
      },
      Object {
        "overflow": "hidden",
      },
      Object {
        "borderRadius": 18,
        "padding": 6,
      },
    ]
  }
>
  <View
    style={
      Object {
        "opacity": 0,
      }
    }
  >
    <Text
      accessibilityElementsHidden={true}
      allowFontScaling={false}
      importantForAccessibility="no-hide-descendants"
      pointerEvents="none"
      selectable={false}
      style={
        Array [
          Object {
            "color": "#03dac4",
            "fontSize": 24,
          },
          Array [
            Object {
              "lineHeight": 24,
              "transform": Array [
                Object {
                  "scaleX": 1,
                },
              ],
            },
            Object {
              "backgroundColor": "transparent",
            },
          ],
          Object {
            "fontFamily": "Material Design Icons",
            "fontStyle": "normal",
            "fontWeight": "normal",
          },
          Object {},
        ]
      }
    >
      
    </Text>
  </View>
</View>
`;
