// Jest Snapshot v1, https://goo.gl/fbAQLP

exports[`RadioButtonGroup renders properly 1`] = `
<View
  accessibilityRole="radiogroup"
  accessible={true}
>
  <View
    accessibilityLiveRegion="polite"
    accessibilityRole="radio"
    accessibilityState={
      Object {
        "checked": true,
        "disabled": undefined,
      }
    }
    accessible={true}
    focusable={true}
    onBlur={[Function]}
    onClick={[Function]}
    onFocus={[Function]}
    onResponderGrant={[Function]}
    onResponderMove={[Function]}
    onResponderRelease={[Function]}
    onResponderTerminate={[Function]}
    onResponderTerminationRequest={[Function]}
    onStartShouldSetResponder={[Function]}
    style={
      Array [
        Object {
          "position": "relative",
        },
        Object {
          "overflow": "hidden",
        },
        Object {
          "borderRadius": 18,
          "padding": 6,
        },
      ]
    }
  >
    <View
      style={
        Object {
          "opacity": 1,
        }
      }
    >
      <Text
        accessibilityElementsHidden={true}
        allowFontScaling={false}
        importantForAccessibility="no-hide-descendants"
        pointerEvents="none"
        selectable={false}
        style={
          Array [
            Object {
              "color": "#03dac4",
              "fontSize": 24,
            },
            Array [
              Object {
                "lineHeight": 24,
                "transform": Array [
                  Object {
                    "scaleX": 1,
                  },
                ],
              },
              Object {
                "backgroundColor": "transparent",
              },
            ],
            Object {
              "fontFamily": "Material Design Icons",
              "fontStyle": "normal",
              "fontWeight": "normal",
            },
            Object {},
          ]
        }
      >
        ï„¬
      </Text>
    </View>
  </View>
</View>
`;
