// Jest Snapshot v1, https://goo.gl/fbAQLP

exports[`renders custom color for the icon and label of the FAB 1`] = `
<View
  pointerEvents="auto"
  style={
    Object {
      "backgroundColor": "#03dac4",
      "borderRadius": 28,
      "elevation": 6,
      "opacity": 1,
      "shadowColor": "#000000",
      "shadowOffset": Object {
        "height": 5,
        "width": 0,
      },
      "shadowOpacity": 0.24,
      "shadowRadius": 6,
      "transform": Array [
        Object {
          "scale": 1,
        },
      ],
    }
  }
>
  <View
    accessibilityComponentType="button"
    accessibilityRole="button"
    accessibilityState={
      Object {
        "disabled": undefined,
      }
    }
    accessibilityTraits="button"
    accessible={true}
    focusable={true}
    onBlur={[Function]}
    onClick={[Function]}
    onFocus={[Function]}
    onResponderGrant={[Function]}
    onResponderMove={[Function]}
    onResponderRelease={[Function]}
    onResponderTerminate={[Function]}
    onResponderTerminationRequest={[Function]}
    onStartShouldSetResponder={[Function]}
    style={
      Array [
        Object {
          "position": "relative",
        },
        Object {
          "overflow": "hidden",
        },
        Object {
          "borderRadius": 28,
        },
      ]
    }
  >
    <View
      pointerEvents="none"
      style={
        Array [
          Object {
            "alignItems": "center",
            "flexDirection": "row",
            "justifyContent": "center",
          },
          Object {
            "height": 56,
            "width": 56,
          },
        ]
      }
    >
      <View
        style={
          Array [
            Object {
              "alignItems": "center",
              "justifyContent": "center",
            },
            Object {
              "height": 24,
              "width": 24,
            },
          ]
        }
      >
        <View
          style={
            Object {
              "bottom": 0,
              "left": 0,
              "opacity": 1,
              "position": "absolute",
              "right": 0,
              "top": 0,
              "transform": Array [
                Object {
                  "rotate": "0deg",
                },
              ],
            }
          }
        >
          <Text
            accessibilityElementsHidden={true}
            allowFontScaling={false}
            importantForAccessibility="no-hide-descendants"
            pointerEvents="none"
            selectable={false}
            style={
              Array [
                Object {
                  "color": "#AA0114",
                  "fontSize": 24,
                },
                Array [
                  Object {
                    "lineHeight": 24,
                    "transform": Array [
                      Object {
                        "scaleX": 1,
                      },
                    ],
                  },
                  Object {
                    "backgroundColor": "transparent",
                  },
                ],
                Object {
                  "fontFamily": "Material Design Icons",
                  "fontStyle": "normal",
                  "fontWeight": "normal",
                },
                Object {},
              ]
            }
          >
            
          </Text>
        </View>
      </View>
    </View>
  </View>
</View>
`;

exports[`renders disabled FAB 1`] = `
<View
  pointerEvents="auto"
  style={
    Object {
      "backgroundColor": "rgba(0, 0, 0, 0.12)",
      "borderRadius": 28,
      "elevation": 0,
      "opacity": 1,
      "transform": Array [
        Object {
          "scale": 1,
        },
      ],
    }
  }
>
  <View
    accessibilityComponentType="button"
    accessibilityRole="button"
    accessibilityState={
      Object {
        "disabled": true,
      }
    }
    accessibilityTraits={
      Array [
        "button",
        "disabled",
      ]
    }
    accessible={true}
    focusable={true}
    onBlur={[Function]}
    onClick={[Function]}
    onFocus={[Function]}
    onResponderGrant={[Function]}
    onResponderMove={[Function]}
    onResponderRelease={[Function]}
    onResponderTerminate={[Function]}
    onResponderTerminationRequest={[Function]}
    onStartShouldSetResponder={[Function]}
    style={
      Array [
        Object {
          "position": "relative",
        },
        Object {
          "overflow": "hidden",
        },
        Object {
          "borderRadius": 28,
        },
      ]
    }
  >
    <View
      pointerEvents="none"
      style={
        Array [
          Object {
            "alignItems": "center",
            "flexDirection": "row",
            "justifyContent": "center",
          },
          Object {
            "height": 56,
            "width": 56,
          },
        ]
      }
    >
      <View
        style={
          Array [
            Object {
              "alignItems": "center",
              "justifyContent": "center",
            },
            Object {
              "height": 24,
              "width": 24,
            },
          ]
        }
      >
        <View
          style={
            Object {
              "bottom": 0,
              "left": 0,
              "opacity": 1,
              "position": "absolute",
              "right": 0,
              "top": 0,
              "transform": Array [
                Object {
                  "rotate": "0deg",
                },
              ],
            }
          }
        >
          <Text
            accessibilityElementsHidden={true}
            allowFontScaling={false}
            importantForAccessibility="no-hide-descendants"
            pointerEvents="none"
            selectable={false}
            style={
              Array [
                Object {
                  "color": "rgba(0, 0, 0, 0.32)",
                  "fontSize": 24,
                },
                Array [
                  Object {
                    "lineHeight": 24,
                    "transform": Array [
                      Object {
                        "scaleX": 1,
                      },
                    ],
                  },
                  Object {
                    "backgroundColor": "transparent",
                  },
                ],
                Object {
                  "fontFamily": "Material Design Icons",
                  "fontStyle": "normal",
                  "fontWeight": "normal",
                },
                Object {},
              ]
            }
          >
            
          </Text>
        </View>
      </View>
    </View>
  </View>
</View>
`;

exports[`renders extended FAB 1`] = `
<View
  pointerEvents="auto"
  style={
    Object {
      "backgroundColor": "#03dac4",
      "borderRadius": 28,
      "elevation": 6,
      "opacity": 1,
      "shadowColor": "#000000",
      "shadowOffset": Object {
        "height": 5,
        "width": 0,
      },
      "shadowOpacity": 0.24,
      "shadowRadius": 6,
      "transform": Array [
        Object {
          "scale": 1,
        },
      ],
    }
  }
>
  <View
    accessibilityComponentType="button"
    accessibilityLabel="Add items"
    accessibilityRole="button"
    accessibilityState={
      Object {
        "disabled": undefined,
      }
    }
    accessibilityTraits="button"
    accessible={true}
    focusable={true}
    onBlur={[Function]}
    onClick={[Function]}
    onFocus={[Function]}
    onResponderGrant={[Function]}
    onResponderMove={[Function]}
    onResponderRelease={[Function]}
    onResponderTerminate={[Function]}
    onResponderTerminationRequest={[Function]}
    onStartShouldSetResponder={[Function]}
    style={
      Array [
        Object {
          "position": "relative",
        },
        Object {
          "overflow": "hidden",
        },
        Object {
          "borderRadius": 28,
        },
      ]
    }
  >
    <View
      pointerEvents="none"
      style={
        Array [
          Object {
            "alignItems": "center",
            "flexDirection": "row",
            "justifyContent": "center",
          },
          Object {
            "height": 48,
            "paddingHorizontal": 16,
          },
        ]
      }
    >
      <View
        style={
          Array [
            Object {
              "alignItems": "center",
              "justifyContent": "center",
            },
            Object {
              "height": 24,
              "width": 24,
            },
          ]
        }
      >
        <View
          style={
            Object {
              "bottom": 0,
              "left": 0,
              "opacity": 1,
              "position": "absolute",
              "right": 0,
              "top": 0,
              "transform": Array [
                Object {
                  "rotate": "0deg",
                },
              ],
            }
          }
        >
          <Text
            accessibilityElementsHidden={true}
            allowFontScaling={false}
            importantForAccessibility="no-hide-descendants"
            pointerEvents="none"
            selectable={false}
            style={
              Array [
                Object {
                  "color": "rgba(0, 0, 0, .54)",
                  "fontSize": 24,
                },
                Array [
                  Object {
                    "lineHeight": 24,
                    "transform": Array [
                      Object {
                        "scaleX": 1,
                      },
                    ],
                  },
                  Object {
                    "backgroundColor": "transparent",
                  },
                ],
                Object {
                  "fontFamily": "Material Design Icons",
                  "fontStyle": "normal",
                  "fontWeight": "normal",
                },
                Object {},
              ]
            }
          >
            
          </Text>
        </View>
      </View>
      <Text
        selectable={false}
        style={
          Array [
            Object {
              "color": "#000000",
              "fontFamily": "System",
              "fontWeight": "400",
              "textAlign": "left",
            },
            Array [
              Object {
                "marginHorizontal": 8,
              },
              Object {
                "textTransform": "uppercase",
              },
              Object {
                "color": "rgba(0, 0, 0, .54)",
                "fontFamily": "System",
                "fontWeight": "500",
              },
            ],
          ]
        }
      >
        Add items
      </Text>
    </View>
  </View>
</View>
`;

exports[`renders loading FAB 1`] = `
<View
  pointerEvents="auto"
  style={
    Object {
      "backgroundColor": "#03dac4",
      "borderRadius": 28,
      "elevation": 6,
      "opacity": 1,
      "shadowColor": "#000000",
      "shadowOffset": Object {
        "height": 5,
        "width": 0,
      },
      "shadowOpacity": 0.24,
      "shadowRadius": 6,
      "transform": Array [
        Object {
          "scale": 1,
        },
      ],
    }
  }
>
  <View
    accessibilityComponentType="button"
    accessibilityRole="button"
    accessibilityState={
      Object {
        "disabled": undefined,
      }
    }
    accessibilityTraits="button"
    accessible={true}
    focusable={true}
    onBlur={[Function]}
    onClick={[Function]}
    onFocus={[Function]}
    onResponderGrant={[Function]}
    onResponderMove={[Function]}
    onResponderRelease={[Function]}
    onResponderTerminate={[Function]}
    onResponderTerminationRequest={[Function]}
    onStartShouldSetResponder={[Function]}
    style={
      Array [
        Object {
          "position": "relative",
        },
        Object {
          "overflow": "hidden",
        },
        Object {
          "borderRadius": 28,
        },
      ]
    }
  >
    <View
      pointerEvents="none"
      style={
        Array [
          Object {
            "alignItems": "center",
            "flexDirection": "row",
            "justifyContent": "center",
          },
          Object {
            "height": 56,
            "width": 56,
          },
        ]
      }
    >
      <View
        accessibilityRole="progressbar"
        accessible={true}
        style={
          Array [
            Object {
              "alignItems": "center",
              "justifyContent": "center",
            },
            undefined,
          ]
        }
      >
        <View
          collapsable={false}
          style={
            Object {
              "height": 18,
              "opacity": 1,
              "width": 18,
            }
          }
        >
          <View
            style={
              Object {
                "alignItems": "center",
                "bottom": 0,
                "justifyContent": "center",
                "left": 0,
                "position": "absolute",
                "right": 0,
                "top": 0,
              }
            }
          >
            <View
              style={
                Object {
                  "height": 18,
                  "transform": Array [
                    Object {
                      "rotate": "45deg",
                    },
                  ],
                  "width": 18,
                }
              }
            >
              <View
                collapsable={false}
                style={
                  Object {
                    "height": 9,
                    "overflow": "hidden",
                    "width": 18,
                  }
                }
              >
                <View
                  style={
                    Object {
                      "height": 18,
                      "transform": Array [
                        Object {
                          "translateY": 0,
                        },
                        Object {
                          "rotate": "-165deg",
                        },
                      ],
                      "width": 18,
                    }
                  }
                >
                  <View
                    collapsable={false}
                    style={
                      Object {
                        "height": 9,
                        "overflow": "hidden",
                        "width": 18,
                      }
                    }
                  >
                    <View
                      style={
                        Object {
                          "borderColor": "rgba(0, 0, 0, .54)",
                          "borderRadius": 9,
                          "borderWidth": 1.8,
                          "height": 18,
                          "width": 18,
                        }
                      }
                    />
                  </View>
                </View>
              </View>
            </View>
          </View>
          <View
            style={
              Object {
                "alignItems": "center",
                "bottom": 0,
                "justifyContent": "center",
                "left": 0,
                "position": "absolute",
                "right": 0,
                "top": 0,
              }
            }
          >
            <View
              style={
                Object {
                  "height": 18,
                  "transform": Array [
                    Object {
                      "rotate": "45deg",
                    },
                  ],
                  "width": 18,
                }
              }
            >
              <View
                collapsable={false}
                style={
                  Object {
                    "height": 9,
                    "overflow": "hidden",
                    "top": 9,
                    "width": 18,
                  }
                }
              >
                <View
                  style={
                    Object {
                      "height": 18,
                      "transform": Array [
                        Object {
                          "translateY": -9,
                        },
                        Object {
                          "rotate": "345deg",
                        },
                      ],
                      "width": 18,
                    }
                  }
                >
                  <View
                    collapsable={false}
                    style={
                      Object {
                        "height": 9,
                        "overflow": "hidden",
                        "width": 18,
                      }
                    }
                  >
                    <View
                      style={
                        Object {
                          "borderColor": "rgba(0, 0, 0, .54)",
                          "borderRadius": 9,
                          "borderWidth": 1.8,
                          "height": 18,
                          "width": 18,
                        }
                      }
                    />
                  </View>
                </View>
              </View>
            </View>
          </View>
        </View>
      </View>
    </View>
  </View>
</View>
`;

exports[`renders normal FAB 1`] = `
<View
  pointerEvents="auto"
  style={
    Object {
      "backgroundColor": "#03dac4",
      "borderRadius": 28,
      "elevation": 6,
      "opacity": 1,
      "shadowColor": "#000000",
      "shadowOffset": Object {
        "height": 5,
        "width": 0,
      },
      "shadowOpacity": 0.24,
      "shadowRadius": 6,
      "transform": Array [
        Object {
          "scale": 1,
        },
      ],
    }
  }
>
  <View
    accessibilityComponentType="button"
    accessibilityRole="button"
    accessibilityState={
      Object {
        "disabled": undefined,
      }
    }
    accessibilityTraits="button"
    accessible={true}
    focusable={true}
    onBlur={[Function]}
    onClick={[Function]}
    onFocus={[Function]}
    onResponderGrant={[Function]}
    onResponderMove={[Function]}
    onResponderRelease={[Function]}
    onResponderTerminate={[Function]}
    onResponderTerminationRequest={[Function]}
    onStartShouldSetResponder={[Function]}
    style={
      Array [
        Object {
          "position": "relative",
        },
        Object {
          "overflow": "hidden",
        },
        Object {
          "borderRadius": 28,
        },
      ]
    }
  >
    <View
      pointerEvents="none"
      style={
        Array [
          Object {
            "alignItems": "center",
            "flexDirection": "row",
            "justifyContent": "center",
          },
          Object {
            "height": 56,
            "width": 56,
          },
        ]
      }
    >
      <View
        style={
          Array [
            Object {
              "alignItems": "center",
              "justifyContent": "center",
            },
            Object {
              "height": 24,
              "width": 24,
            },
          ]
        }
      >
        <View
          style={
            Object {
              "bottom": 0,
              "left": 0,
              "opacity": 1,
              "position": "absolute",
              "right": 0,
              "top": 0,
              "transform": Array [
                Object {
                  "rotate": "0deg",
                },
              ],
            }
          }
        >
          <Text
            accessibilityElementsHidden={true}
            allowFontScaling={false}
            importantForAccessibility="no-hide-descendants"
            pointerEvents="none"
            selectable={false}
            style={
              Array [
                Object {
                  "color": "rgba(0, 0, 0, .54)",
                  "fontSize": 24,
                },
                Array [
                  Object {
                    "lineHeight": 24,
                    "transform": Array [
                      Object {
                        "scaleX": 1,
                      },
                    ],
                  },
                  Object {
                    "backgroundColor": "transparent",
                  },
                ],
                Object {
                  "fontFamily": "Material Design Icons",
                  "fontStyle": "normal",
                  "fontWeight": "normal",
                },
                Object {},
              ]
            }
          >
            
          </Text>
        </View>
      </View>
    </View>
  </View>
</View>
`;

exports[`renders not visible FAB 1`] = `
<View
  pointerEvents="none"
  style={
    Object {
      "backgroundColor": "#03dac4",
      "borderRadius": 28,
      "elevation": 6,
      "opacity": 1,
      "shadowColor": "#000000",
      "shadowOffset": Object {
        "height": 5,
        "width": 0,
      },
      "shadowOpacity": 0.24,
      "shadowRadius": 6,
      "transform": Array [
        Object {
          "scale": 1,
        },
      ],
    }
  }
>
  <View
    accessibilityComponentType="button"
    accessibilityRole="button"
    accessibilityState={
      Object {
        "disabled": undefined,
      }
    }
    accessibilityTraits="button"
    accessible={true}
    focusable={true}
    onBlur={[Function]}
    onClick={[Function]}
    onFocus={[Function]}
    onResponderGrant={[Function]}
    onResponderMove={[Function]}
    onResponderRelease={[Function]}
    onResponderTerminate={[Function]}
    onResponderTerminationRequest={[Function]}
    onStartShouldSetResponder={[Function]}
    style={
      Array [
        Object {
          "position": "relative",
        },
        Object {
          "overflow": "hidden",
        },
        Object {
          "borderRadius": 28,
        },
      ]
    }
  >
    <View
      pointerEvents="none"
      style={
        Array [
          Object {
            "alignItems": "center",
            "flexDirection": "row",
            "justifyContent": "center",
          },
          Object {
            "height": 56,
            "width": 56,
          },
        ]
      }
    >
      <View
        style={
          Array [
            Object {
              "alignItems": "center",
              "justifyContent": "center",
            },
            Object {
              "height": 24,
              "width": 24,
            },
          ]
        }
      >
        <View
          style={
            Object {
              "bottom": 0,
              "left": 0,
              "opacity": 1,
              "position": "absolute",
              "right": 0,
              "top": 0,
              "transform": Array [
                Object {
                  "rotate": "0deg",
                },
              ],
            }
          }
        >
          <Text
            accessibilityElementsHidden={true}
            allowFontScaling={false}
            importantForAccessibility="no-hide-descendants"
            pointerEvents="none"
            selectable={false}
            style={
              Array [
                Object {
                  "color": "rgba(0, 0, 0, .54)",
                  "fontSize": 24,
                },
                Array [
                  Object {
                    "lineHeight": 24,
                    "transform": Array [
                      Object {
                        "scaleX": 1,
                      },
                    ],
                  },
                  Object {
                    "backgroundColor": "transparent",
                  },
                ],
                Object {
                  "fontFamily": "Material Design Icons",
                  "fontStyle": "normal",
                  "fontWeight": "normal",
                },
                Object {},
              ]
            }
          >
            
          </Text>
        </View>
      </View>
    </View>
  </View>
</View>
`;

exports[`renders small FAB 1`] = `
<View
  pointerEvents="auto"
  style={
    Object {
      "backgroundColor": "#03dac4",
      "borderRadius": 28,
      "elevation": 6,
      "opacity": 1,
      "shadowColor": "#000000",
      "shadowOffset": Object {
        "height": 5,
        "width": 0,
      },
      "shadowOpacity": 0.24,
      "shadowRadius": 6,
      "transform": Array [
        Object {
          "scale": 1,
        },
      ],
    }
  }
>
  <View
    accessibilityComponentType="button"
    accessibilityRole="button"
    accessibilityState={
      Object {
        "disabled": undefined,
      }
    }
    accessibilityTraits="button"
    accessible={true}
    focusable={true}
    onBlur={[Function]}
    onClick={[Function]}
    onFocus={[Function]}
    onResponderGrant={[Function]}
    onResponderMove={[Function]}
    onResponderRelease={[Function]}
    onResponderTerminate={[Function]}
    onResponderTerminationRequest={[Function]}
    onStartShouldSetResponder={[Function]}
    style={
      Array [
        Object {
          "position": "relative",
        },
        Object {
          "overflow": "hidden",
        },
        Object {
          "borderRadius": 28,
        },
      ]
    }
  >
    <View
      pointerEvents="none"
      style={
        Array [
          Object {
            "alignItems": "center",
            "flexDirection": "row",
            "justifyContent": "center",
          },
          Object {
            "height": 40,
            "width": 40,
          },
        ]
      }
    >
      <View
        style={
          Array [
            Object {
              "alignItems": "center",
              "justifyContent": "center",
            },
            Object {
              "height": 24,
              "width": 24,
            },
          ]
        }
      >
        <View
          style={
            Object {
              "bottom": 0,
              "left": 0,
              "opacity": 1,
              "position": "absolute",
              "right": 0,
              "top": 0,
              "transform": Array [
                Object {
                  "rotate": "0deg",
                },
              ],
            }
          }
        >
          <Text
            accessibilityElementsHidden={true}
            allowFontScaling={false}
            importantForAccessibility="no-hide-descendants"
            pointerEvents="none"
            selectable={false}
            style={
              Array [
                Object {
                  "color": "rgba(0, 0, 0, .54)",
                  "fontSize": 24,
                },
                Array [
                  Object {
                    "lineHeight": 24,
                    "transform": Array [
                      Object {
                        "scaleX": 1,
                      },
                    ],
                  },
                  Object {
                    "backgroundColor": "transparent",
                  },
                ],
                Object {
                  "fontFamily": "Material Design Icons",
                  "fontStyle": "normal",
                  "fontWeight": "normal",
                },
                Object {},
              ]
            }
          >
            
          </Text>
        </View>
      </View>
    </View>
  </View>
</View>
`;

exports[`renders visible FAB 1`] = `
<View
  pointerEvents="auto"
  style={
    Object {
      "backgroundColor": "#03dac4",
      "borderRadius": 28,
      "elevation": 6,
      "opacity": 0,
      "shadowColor": "#000000",
      "shadowOffset": Object {
        "height": 5,
        "width": 0,
      },
      "shadowOpacity": 0.24,
      "shadowRadius": 6,
      "transform": Array [
        Object {
          "scale": 0,
        },
      ],
    }
  }
>
  <View
    accessibilityComponentType="button"
    accessibilityRole="button"
    accessibilityState={
      Object {
        "disabled": undefined,
      }
    }
    accessibilityTraits="button"
    accessible={true}
    focusable={true}
    onBlur={[Function]}
    onClick={[Function]}
    onFocus={[Function]}
    onResponderGrant={[Function]}
    onResponderMove={[Function]}
    onResponderRelease={[Function]}
    onResponderTerminate={[Function]}
    onResponderTerminationRequest={[Function]}
    onStartShouldSetResponder={[Function]}
    style={
      Array [
        Object {
          "position": "relative",
        },
        Object {
          "overflow": "hidden",
        },
        Object {
          "borderRadius": 28,
        },
      ]
    }
  >
    <View
      pointerEvents="none"
      style={
        Array [
          Object {
            "alignItems": "center",
            "flexDirection": "row",
            "justifyContent": "center",
          },
          Object {
            "height": 56,
            "width": 56,
          },
        ]
      }
    >
      <View
        style={
          Array [
            Object {
              "alignItems": "center",
              "justifyContent": "center",
            },
            Object {
              "height": 24,
              "width": 24,
            },
          ]
        }
      >
        <View
          style={
            Object {
              "bottom": 0,
              "left": 0,
              "opacity": 1,
              "position": "absolute",
              "right": 0,
              "top": 0,
              "transform": Array [
                Object {
                  "rotate": "0deg",
                },
              ],
            }
          }
        >
          <Text
            accessibilityElementsHidden={true}
            allowFontScaling={false}
            importantForAccessibility="no-hide-descendants"
            pointerEvents="none"
            selectable={false}
            style={
              Array [
                Object {
                  "color": "rgba(0, 0, 0, .54)",
                  "fontSize": 24,
                },
                Array [
                  Object {
                    "lineHeight": 24,
                    "transform": Array [
                      Object {
                        "scaleX": 1,
                      },
                    ],
                  },
                  Object {
                    "backgroundColor": "transparent",
                  },
                ],
                Object {
                  "fontFamily": "Material Design Icons",
                  "fontStyle": "normal",
                  "fontWeight": "normal",
                },
                Object {},
              ]
            }
          >
            
          </Text>
        </View>
      </View>
    </View>
  </View>
</View>
`;
