// Jest Snapshot v1, https://goo.gl/fbAQLP

exports[`renders disabled icon button 1`] = `
<View
  accessibilityRole="button"
  accessibilityState={
    Object {
      "disabled": true,
    }
  }
  accessible={true}
  centered={true}
  focusable={true}
  hitSlop={
    Object {
      "bottom": 6,
      "left": 6,
      "right": 6,
      "top": 6,
    }
  }
  onBlur={[Function]}
  onClick={[Function]}
  onFocus={[Function]}
  onResponderGrant={[Function]}
  onResponderMove={[Function]}
  onResponderRelease={[Function]}
  onResponderTerminate={[Function]}
  onResponderTerminationRequest={[Function]}
  onStartShouldSetResponder={[Function]}
  style={
    Array [
      Object {
        "position": "relative",
      },
      Object {
        "overflow": "hidden",
      },
      Array [
        Object {
          "alignItems": "center",
          "justifyContent": "center",
          "margin": 6,
          "overflow": "hidden",
        },
        Object {
          "borderRadius": 18,
          "height": 36,
          "width": 36,
        },
        Object {
          "opacity": 0.32,
        },
        undefined,
      ],
    ]
  }
>
  <View>
    <Text
      accessibilityElementsHidden={true}
      allowFontScaling={false}
      importantForAccessibility="no-hide-descendants"
      pointerEvents="none"
      selectable={false}
      style={
        Array [
          Object {
            "color": "#000000",
            "fontSize": 24,
          },
          Array [
            Object {
              "lineHeight": 24,
              "transform": Array [
                Object {
                  "scaleX": 1,
                },
              ],
            },
            Object {
              "backgroundColor": "transparent",
            },
          ],
          Object {
            "fontFamily": "Material Design Icons",
            "fontStyle": "normal",
            "fontWeight": "normal",
          },
          Object {},
        ]
      }
    >
      
    </Text>
  </View>
</View>
`;

exports[`renders icon button by default 1`] = `
<View
  accessibilityRole="button"
  accessibilityState={
    Object {
      "disabled": undefined,
    }
  }
  accessible={true}
  centered={true}
  focusable={true}
  hitSlop={
    Object {
      "bottom": 6,
      "left": 6,
      "right": 6,
      "top": 6,
    }
  }
  onBlur={[Function]}
  onClick={[Function]}
  onFocus={[Function]}
  onResponderGrant={[Function]}
  onResponderMove={[Function]}
  onResponderRelease={[Function]}
  onResponderTerminate={[Function]}
  onResponderTerminationRequest={[Function]}
  onStartShouldSetResponder={[Function]}
  style={
    Array [
      Object {
        "position": "relative",
      },
      Object {
        "overflow": "hidden",
      },
      Array [
        Object {
          "alignItems": "center",
          "justifyContent": "center",
          "margin": 6,
          "overflow": "hidden",
        },
        Object {
          "borderRadius": 18,
          "height": 36,
          "width": 36,
        },
        undefined,
        undefined,
      ],
    ]
  }
>
  <View>
    <Text
      accessibilityElementsHidden={true}
      allowFontScaling={false}
      importantForAccessibility="no-hide-descendants"
      pointerEvents="none"
      selectable={false}
      style={
        Array [
          Object {
            "color": "#000000",
            "fontSize": 24,
          },
          Array [
            Object {
              "lineHeight": 24,
              "transform": Array [
                Object {
                  "scaleX": 1,
                },
              ],
            },
            Object {
              "backgroundColor": "transparent",
            },
          ],
          Object {
            "fontFamily": "Material Design Icons",
            "fontStyle": "normal",
            "fontWeight": "normal",
          },
          Object {},
        ]
      }
    >
      
    </Text>
  </View>
</View>
`;

exports[`renders icon button with color 1`] = `
<View
  accessibilityRole="button"
  accessibilityState={
    Object {
      "disabled": undefined,
    }
  }
  accessible={true}
  centered={true}
  focusable={true}
  hitSlop={
    Object {
      "bottom": 6,
      "left": 6,
      "right": 6,
      "top": 6,
    }
  }
  onBlur={[Function]}
  onClick={[Function]}
  onFocus={[Function]}
  onResponderGrant={[Function]}
  onResponderMove={[Function]}
  onResponderRelease={[Function]}
  onResponderTerminate={[Function]}
  onResponderTerminationRequest={[Function]}
  onStartShouldSetResponder={[Function]}
  style={
    Array [
      Object {
        "position": "relative",
      },
      Object {
        "overflow": "hidden",
      },
      Array [
        Object {
          "alignItems": "center",
          "justifyContent": "center",
          "margin": 6,
          "overflow": "hidden",
        },
        Object {
          "borderRadius": 18,
          "height": 36,
          "width": 36,
        },
        undefined,
        undefined,
      ],
    ]
  }
>
  <View>
    <Text
      accessibilityElementsHidden={true}
      allowFontScaling={false}
      importantForAccessibility="no-hide-descendants"
      pointerEvents="none"
      selectable={false}
      style={
        Array [
          Object {
            "color": "#e91e63",
            "fontSize": 24,
          },
          Array [
            Object {
              "lineHeight": 24,
              "transform": Array [
                Object {
                  "scaleX": 1,
                },
              ],
            },
            Object {
              "backgroundColor": "transparent",
            },
          ],
          Object {
            "fontFamily": "Material Design Icons",
            "fontStyle": "normal",
            "fontWeight": "normal",
          },
          Object {},
        ]
      }
    >
      
    </Text>
  </View>
</View>
`;

exports[`renders icon button with size 1`] = `
<View
  accessibilityRole="button"
  accessibilityState={
    Object {
      "disabled": undefined,
    }
  }
  accessible={true}
  centered={true}
  focusable={true}
  hitSlop={
    Object {
      "bottom": 6,
      "left": 6,
      "right": 6,
      "top": 6,
    }
  }
  onBlur={[Function]}
  onClick={[Function]}
  onFocus={[Function]}
  onResponderGrant={[Function]}
  onResponderMove={[Function]}
  onResponderRelease={[Function]}
  onResponderTerminate={[Function]}
  onResponderTerminationRequest={[Function]}
  onStartShouldSetResponder={[Function]}
  style={
    Array [
      Object {
        "position": "relative",
      },
      Object {
        "overflow": "hidden",
      },
      Array [
        Object {
          "alignItems": "center",
          "justifyContent": "center",
          "margin": 6,
          "overflow": "hidden",
        },
        Object {
          "borderRadius": 22.5,
          "height": 45,
          "width": 45,
        },
        undefined,
        undefined,
      ],
    ]
  }
>
  <View>
    <Text
      accessibilityElementsHidden={true}
      allowFontScaling={false}
      importantForAccessibility="no-hide-descendants"
      pointerEvents="none"
      selectable={false}
      style={
        Array [
          Object {
            "color": "#000000",
            "fontSize": 30,
          },
          Array [
            Object {
              "lineHeight": 30,
              "transform": Array [
                Object {
                  "scaleX": 1,
                },
              ],
            },
            Object {
              "backgroundColor": "transparent",
            },
          ],
          Object {
            "fontFamily": "Material Design Icons",
            "fontStyle": "normal",
            "fontWeight": "normal",
          },
          Object {},
        ]
      }
    >
      
    </Text>
  </View>
</View>
`;

exports[`renders icon change animated 1`] = `
<View
  accessibilityRole="button"
  accessibilityState={
    Object {
      "disabled": undefined,
    }
  }
  accessible={true}
  centered={true}
  focusable={true}
  hitSlop={
    Object {
      "bottom": 6,
      "left": 6,
      "right": 6,
      "top": 6,
    }
  }
  onBlur={[Function]}
  onClick={[Function]}
  onFocus={[Function]}
  onResponderGrant={[Function]}
  onResponderMove={[Function]}
  onResponderRelease={[Function]}
  onResponderTerminate={[Function]}
  onResponderTerminationRequest={[Function]}
  onStartShouldSetResponder={[Function]}
  style={
    Array [
      Object {
        "position": "relative",
      },
      Object {
        "overflow": "hidden",
      },
      Array [
        Object {
          "alignItems": "center",
          "justifyContent": "center",
          "margin": 6,
          "overflow": "hidden",
        },
        Object {
          "borderRadius": 18,
          "height": 36,
          "width": 36,
        },
        undefined,
        undefined,
      ],
    ]
  }
>
  <View>
    <View
      style={
        Array [
          Object {
            "alignItems": "center",
            "justifyContent": "center",
          },
          Object {
            "height": 24,
            "width": 24,
          },
        ]
      }
    >
      <View
        style={
          Object {
            "bottom": 0,
            "left": 0,
            "opacity": 1,
            "position": "absolute",
            "right": 0,
            "top": 0,
            "transform": Array [
              Object {
                "rotate": "0deg",
              },
            ],
          }
        }
      >
        <Text
          accessibilityElementsHidden={true}
          allowFontScaling={false}
          importantForAccessibility="no-hide-descendants"
          pointerEvents="none"
          selectable={false}
          style={
            Array [
              Object {
                "color": "#000000",
                "fontSize": 24,
              },
              Array [
                Object {
                  "lineHeight": 24,
                  "transform": Array [
                    Object {
                      "scaleX": 1,
                    },
                  ],
                },
                Object {
                  "backgroundColor": "transparent",
                },
              ],
              Object {
                "fontFamily": "Material Design Icons",
                "fontStyle": "normal",
                "fontWeight": "normal",
              },
              Object {},
            ]
          }
        >
          
        </Text>
      </View>
    </View>
  </View>
</View>
`;
